============================= test session starts =============================
platform win32 -- Python 3.11.9, pytest-9.0.3, pluggy-1.6.0 -- C:\Program Files\Python311\python.exe
cachedir: .pytest_cache
rootdir: D:\pythonshiyan\webauto
configfile: pytest.ini
plugins: allure-pytest-2.15.3, base-url-2.1.0, playwright-0.7.2, xdist-3.8.0
collecting ... collected 38 items

tests/api/test_auth.py::TestLoginAPI::test_login[case0] PASSED           [  2%]
tests/api/test_auth.py::TestLoginAPI::test_login[case1] PASSED           [  5%]
tests/api/test_auth.py::TestLoginAPI::test_login[case2] PASSED           [  7%]
tests/api/test_auth.py::TestLoginAPI::test_login[case3] PASSED           [ 10%]
tests/api/test_auth.py::TestLoginAPI::test_login[case4] PASSED           [ 13%]
tests/api/test_auth.py::TestLogoutAPI::test_logout[case0] PASSED         [ 15%]
tests/api/test_auth.py::TestLogoutAPI::test_logout[case1] PASSED         [ 18%]
tests/api/test_auth_flow.py::TestRegistration::test_register[case0] PASSED [ 21%]
tests/api/test_auth_flow.py::TestRegistration::test_register[case1] PASSED [ 23%]
tests/api/test_auth_flow.py::TestRegistration::test_register[case2] PASSED [ 26%]
tests/api/test_auth_flow.py::TestRegistration::test_register[case3] PASSED [ 28%]
tests/api/test_auth_flow.py::TestRegistration::test_register[case4] PASSED [ 31%]
tests/api/test_auth_flow.py::TestLogin::test_login[case0] PASSED         [ 34%]
tests/api/test_auth_flow.py::TestLogin::test_login[case1] PASSED         [ 36%]
tests/api/test_auth_flow.py::TestLogin::test_login[case2] PASSED         [ 39%]
tests/api/test_auth_flow.py::TestAuthentication::test_query[case0] PASSED [ 42%]
tests/api/test_auth_flow.py::TestAuthentication::test_query[case1] PASSED [ 44%]
tests/api/test_auth_flow.py::TestAuthentication::test_query[case2] PASSED [ 47%]
tests/api/test_auth_flow.py::TestEndToEnd::test_e2e[case0] PASSED        [ 50%]
tests/api/test_auth_flow.py::TestEndToEnd::test_e2e[case1] PASSED        [ 52%]
tests/api/test_e2e.py::TestUserLifecycle::test_e2e[case0] PASSED         [ 55%]
tests/api/test_e2e.py::TestUserLifecycle::test_e2e[case1] PASSED         [ 57%]
tests/api/test_password.py::TestPasswordAPI::test_update_password[case0] PASSED [ 60%]
tests/api/test_user.py::TestUserAPI::test_add_user[case0] PASSED         [ 63%]
tests/api/test_user.py::TestUserAPI::test_add_user[case1] PASSED         [ 65%]
tests/api/test_user.py::TestUserAPI::test_add_user[case2] PASSED         [ 68%]
tests/api/test_user.py::TestUserAPI::test_add_user[case3] PASSED         [ 71%]
tests/api/test_user.py::TestUserAPI::test_add_user[case4] PASSED         [ 73%]
tests/api/test_user.py::TestUserAPI::test_update_user[case0] PASSED      [ 76%]
tests/api/test_user.py::TestUserAPI::test_update_user[case1] PASSED      [ 78%]
tests/api/test_user.py::TestUserAPI::test_update_user[case2] PASSED      [ 81%]
tests/api/test_user.py::TestUserAPI::test_update_user[case3] PASSED      [ 84%]
tests/api/test_user.py::TestUserAPI::test_delete_user[case0] PASSED      [ 86%]
tests/api/test_user.py::TestUserAPI::test_delete_user[case1] PASSED      [ 89%]
tests/api/test_user.py::TestUserAPI::test_delete_user[case2] PASSED      [ 92%]
tests/api/test_user.py::TestUserAPI::test_get_user[case0] PASSED         [ 94%]
tests/api/test_user.py::TestUserAPI::test_get_user[case1] PASSED         [ 97%]
tests/api/test_user.py::TestUserAPI::test_get_user[case2] FAILED         [100%]

================================== FAILURES ===================================
E   Failed: ��ѯ������Ӧ����user_idռλ��: Q003
D:\pythonshiyan\webauto\tests\api\test_user.py:220: Failed: ��ѯ������Ӧ����user_idռλ��: Q003
=========================== short test summary info ===========================
FAILED tests/api/test_user.py::TestUserAPI::test_get_user[case2] - Failed: ��ѯ������Ӧ����user_idռλ��: Q003
======================== 1 failed, 37 passed in 10.19s ========================
