============================= test session starts =============================
platform win32 -- Python 3.12.10, pytest-9.0.3, pluggy-1.6.0 -- D:\pythonshiyan\webauto\.venv\Scripts\python.exe
cachedir: .pytest_cache
rootdir: D:\pythonshiyan\webauto
configfile: pytest.ini
plugins: allure-pytest-2.15.3, base-url-2.1.0, playwright-0.7.2, yaml-1.1.3
collecting ... collected 0 items / 1 error

=================================== ERRORS ====================================
___________________ ERROR collecting tests/api/test_auth.py ___________________
tests\api\test_auth.py:13: in <module>
    with open(os.path.join(DATA_DIR, "login_cases.yaml"), "r", encoding="utf-8") as f:
         ^^^^^^^^^^^^^^^^^^^^^^^^^^^^^^^^^^^^^^^^^^^^^^^^^^^^^^^^^^^^^^^^^^^^^^^
E   FileNotFoundError: [Errno 2] No such file or directory: 'D:\\pythonshiyan\\webauto\\tests\\api\\../../data/yaml\\login_cases.yaml'
=========================== short test summary info ===========================
ERROR tests/api/test_auth.py - FileNotFoundError: [Errno 2] No such file or directory: 'D:\\pythonshiyan\\webauto\\tests\\api\\../../data/yaml\\login_cases.yaml'
!!!!!!!!!!!!!!!!!!! Interrupted: 1 error during collection !!!!!!!!!!!!!!!!!!!!
==================== no tests collected, 1 error in 0.66s =====================
